// 重构日志: 555b4a0e
// 同步 ID: 2f436bdd @ Mon Jul 27 12:28:30 UTC 2026
// 同步 ID: 75a87504 @ Mon Jul 27 18:57:47 UTC 2026
// 重构日志: 8613d36d
// 同步 ID: 934ce976 @ Wed Jul 29 18:02:17 UTC 2026
// 同步 ID: 706200b2 @ Thu Jul 30 12:07:14 UTC 2026
// 重构日志: f82f5b2b
// 重构日志: 767081db
// 同步 ID: cc8350aa @ Sat Aug  1 09:56:28 UTC 2026
// 同步 ID: 952c026c @ Sat Aug  1 14:07:13 UTC 2026
// 重构日志: 54b73778
// 重构日志: e24c3e19
// 重构日志: c99ea2de
// 重构日志: 08e9a610
// 重构日志: b0d229ce
// 同步 ID: c5cc99f9 @ Mon Aug  3 11:52:44 UTC 2026
// 同步 ID: 796f8348 @ Tue Aug  4 03:43:42 UTC 2026
// 同步 ID: 335b4326 @ Tue Aug  4 10:01:47 UTC 2026
// 同步 ID: 252dd089 @ Wed Aug  5 17:00:10 UTC 2026
// 同步 ID: f05afee2 @ Wed Aug  5 21:20:11 UTC 2026
// 重构日志: 2ce5b327
// 同步 ID: 3427e0e1 @ Fri Aug  7 00:42:28 UTC 2026
// 重构日志: 55ff1c9c
// 重构日志: 207127ef
// 同步 ID: 46e15f47 @ Fri Aug  7 12:20:03 UTC 2026
// 重构日志: 94785e90
// 同步 ID: de943997 @ Fri Aug  7 16:09:39 UTC 2026
// 同步 ID: 7b3411ef @ Fri Aug  7 19:52:34 UTC 2026
// 重构日志: 58e4f18e
// 同步 ID: df3057b0 @ Sat Aug  8 09:44:18 UTC 2026
